// Jest Snapshot v1, https://goo.gl/fbAQLP

exports[`测试List组件 1`] = `ShallowWrapper {}`;
